
error[E0277]: the trait bound `Thread: serde::de::Deserialize<'_>` is not satisfied
 --> src/main.rs:2:36
  |
2 |     let _ = serde_json::from_str::<std::thread::Thread>("???");
  |                                    ^^^^^^^^^^^^^^^^^^^ the trait `serde::de::Deserialize<'_>` is not implemented for `Thread`
  |
 ::: $CARGO/serde_json-$VERSION/src/de.rs
  |
  |     T: de::Deserialize<'a>,
  |        ------------------- required by this bound in `serde_json::from_str`
