
error[E0277]: the trait bound `Arc<Counter>: FfiConverter` is not satisfied
 --> $OUT_DIR[uniffi_uitests]/counter.uniffi.rs
  |
  |             match <std::sync::Arc<Counter> as uniffi::FfiConverter>::try_lift(ptr) {
  |                   ^^^^^^^^^^^^^^^^^^^^^^^^^^^^^^^^^^^^^^^^^^^^^^^^^^^^^^^^^^^ the trait `FfiConverter` is not implemented for `Arc<Counter>`
  |
  = help: the following implementations were found:
            <Arc<T> as FfiConverter>
  = note: required by `try_lift`
